// Jest Snapshot v1, https://goo.gl/fbAQLP

exports[`AddRepoView should render a default view 1`] = `
<div
  className="AddRepoview-Window"
>
  <Text
    color="inherit"
    fontSize={32}
    isItalic={false}
    isVisuallyHidden={false}
    style={
      Object {
        "margin": "12px 0px 0px 25px",
      }
    }
  >
    Track a New Repo
  </Text>
  <RepoInputComponent
    URLFieldChange={[Function]}
    errorMessage="someMessage"
    formInvalid={false}
    nameFieldChanged={[Function]}
    repoName=""
    repoURL=""
  />
  <Button
    isBlock={false}
    isCompact={false}
    isDisabled={false}
    isIconOnly={false}
    isReversed={false}
    style={
      Object {
        "margin": "0px 5px 0px 25px",
      }
    }
    text="Validate"
    type="button"
    variant="neutral"
  />
  <Button
    isBlock={false}
    isCompact={false}
    isDisabled={false}
    isIconOnly={false}
    isReversed={false}
    style={
      Object {
        "margin": "0px 5px 0px 5px",
      }
    }
    text="Confirm"
    type="button"
    variant="neutral"
  />
  <Button
    isBlock={false}
    isCompact={false}
    isDisabled={false}
    isIconOnly={false}
    isReversed={false}
    onClick={[Function]}
    style={
      Object {
        "margin": "0px 5px 0px 5px",
      }
    }
    text="Cancel"
    type="button"
    variant="neutral"
  />
</div>
`;
