// Jest Snapshot v1, https://goo.gl/fbAQLP

exports[`PopupContainer Initialization should render a default view 1`] = `
<PopupView
  URLFieldChange={[Function]}
  errorMessage="Job url is NOT valid. Recheck and retry."
  formInvalid={false}
  helpMessage=""
  nameFieldChanged={[Function]}
  repoName=""
  repoURL=""
  validateClickHandler={[Function]}
/>
`;
