// Jest Snapshot v1, https://goo.gl/fbAQLP

exports[`App should render a default view 1`] = `
<Provider
  store={
    Object {
      "dispatch": [Function],
      "getState": [Function],
      "replaceReducer": [Function],
      "subscribe": [Function],
      Symbol(observable): [Function],
    }
  }
>
  <Application>
    <Connect(PopupContainer) />
  </Application>
</Provider>
`;
